// Jest Snapshot v1, https://goo.gl/fbAQLP

exports[`App renders without crashing 1`] = `
<div
  class="App"
>
  <div />
  <div
    style="position:absolute;top:0;left:0;right:0;width:100%;height:100%;overflow:hidden;"
  >
    <div />
    <div
      class="react-draggable sc-gzVnrw jVXFKZ"
      style="touch-action:none;display:block;transition:border 0.5s ease, width 0.5s ease, height 0.5s ease;position:absolute;width:142px;height:80px;border-radius:6px;transform:translate(100px,100px);"
    >
      <div
        style="transition:all 0.5s ease, height 0.5s ease;font-size:11px;font-weight:bold;text-align:center;color:#555;margin-top:35px;"
      >
        Camera not detected.
      </div>
    </div>
    <div
      class="sc-fjdhpX cbpndd"
    >
      <div
        class="sc-VigVT GUzOR"
      >
        <div
          style="cursor:pointer;margin:0px 15px;width:auto;flex-grow:0;display:flex;"
        >
          <div>
            <img
              alt="User"
              src="https://www.gravatar.com/avatar/1e1cac92b7549c0a862ca9aef5e24c49?s=60&d=identicon&email=notset"
              style="width:30px;border-radius:30px;margin-top:10px;"
            />
          </div>
          <div
            style="color:#ccc;margin-top:15px;margin-left:10px;font-size:14px;font-weight:bold;"
          />
        </div>
        <div
          style="margin:0px 15px;width:auto;flex:1;display:flex;"
        >
          <div>
            <div
              style="position:relative;"
            >
              <input
                class="sc-bdVaJa jCnrIS"
                src="/images/camera.svg"
                type="image"
                width="25px"
              />
              <div
                class="_drop_down sc-gqjmRU jrQuzf"
                style="visibility:hidden;opacity:0;"
              >
                <ul>
                  <li />
                </ul>
              </div>
            </div>
          </div>
          <div
            style="margin-top:4px;margin-left:10px;color:#888;flex:7;white-space:nowrap;overflow:hidden;text-overflow:ellipsis;min-width:10px;font-size:13px;font-weight:200;"
          />
          <div
            style="flex:1;"
          >
             
          </div>
          <div
            style="position:relative;"
          >
            <input
              class="sc-bdVaJa jCnrIS"
              src="/images/eye.svg"
              type="image"
              width="25px"
            />
            <div
              class="_drop_down sc-gqjmRU brYnXP"
              style="visibility:hidden;opacity:0;"
            >
              <ul>
                <li>
                  Hide Preview
                </li>
                <hr />
                <li>
                  ✔ Small Size
                </li>
                <li>
                   Medium Size
                </li>
              </ul>
            </div>
          </div>
        </div>
        <div
          style="width:25px;margin-right:15px;"
        >
          <div
            style="position:relative;"
          >
            <input
              class="sc-bdVaJa jCnrIS"
              src="/images/settings.svg"
              type="image"
              width="25px"
            />
            <div
              class="_drop_down sc-gqjmRU hisBMo"
              style="visibility:hidden;opacity:0;"
            >
              <ul>
                <li>
                  Attach Pixty Camera...
                </li>
                <hr />
                <li>
                  Account Preferences
                </li>
                <li>
                  About...
                </li>
                <hr />
                <li>
                  Logout
                </li>
              </ul>
            </div>
          </div>
        </div>
      </div>
      <div
        style="position:absolute;top:50%;left:50%;"
      >
        <div>
          <div
            class="sc-EHOje jsDtzb"
          >
            identifying process
          </div>
          <svg
            class="sc-bZQynM bispcK"
            opacity="0.5"
            viewbox="0 0 50 50"
          >
            <circle
              class="path"
              cx="25"
              cy="25"
              fill="none"
              r="20"
              stroke-width="1"
            />
          </svg>
        </div>
      </div>
    </div>
    <div
      class="sc-jzJRlG dkpAfc"
      opacity="0"
      width="0px"
    >
      <div
        style="padding:10px;"
      >
        <div>
          no person
        </div>
      </div>
    </div>
  </div>
</div>
`;
